[namor-ia.com/index.html]
[backblue.gif]
[fade.gif]
[index.html]
[namor-ia.com/wp-content/themes/hello-elementor/assets/css/resetedb1.css]
[namor-ia.com/wp-content/themes/hello-elementor/assets/css/themeedb1.css]
[namor-ia.com/feed/index.html]
[namor-ia.com/wp-content/themes/hello-elementor/assets/css/header-footeredb1.css]
[namor-ia.com/wp-content/plugins/elementor/assets/css/frontend.min55cb.css]
[namor-ia.com/comments/feed/index.html]
[namor-ia.com/wp-content/uploads/elementor/css/post-768fe.css]
[namor-ia.com/wp-content/plugins/elementor/assets/lib/eicons/css/elementor-icons.min2778.css]
[namor-ia.com/wp-content/plugins/elementor-pro/assets/css/frontend.min3fd0.css]
[namor-ia.com/wp-content/plugins/elementor/assets/css/widget-heading.min55cb.css]
[namor-ia.com/wp-content/uploads/elementor/css/post-1454e7c.css]
[namor-ia.com/wp-content/uploads/elementor/google-fonts/css/roboto7f5f.css]
[namor-ia.com/wp-content/uploads/elementor/google-fonts/css/robotoslabdc90.css]
[namor-ia.com/wp-includes/js/jquery/jquery.minf43b.js]
[namor-ia.com/wp-includes/js/jquery/jquery-migrate.min5589.js]
[namor-ia.com/wp-json/wp/v2/pages/145.json]
[namor-ia.com/xmlrpc0db0.php]
[namor-ia.com/wp-json/oembed/1.0/embeda187.json]
[namor-ia.com/wp-json/oembed/1.0/embed2164]
[namor-ia.com/wp-content/uploads/2025/07/logo-namoria-1024x342.png]
[namor-ia.com/wp-json/index.html]
[namor-ia.com/wp-content/themes/hello-elementor/assets/js/hello-frontendedb1.js]
[namor-ia.com/wp-content/plugins/elementor/assets/js/webpack.runtime.min55cb.js]
[namor-ia.com/wp-content/plugins/elementor/assets/js/frontend-modules.min55cb.js]
[namor-ia.com/wp-includes/js/jquery/ui/core.minb37e.js]
[namor-ia.com/wp-content/plugins/elementor/assets/js/frontend.min55cb.js]
[namor-ia.com/wp-content/plugins/elementor-pro/assets/js/webpack-pro.runtime.min3fd0.js]
[namor-ia.com/wp-includes/js/dist/hooks.min4fdd.js]
[namor-ia.com/wp-includes/js/dist/i18n.minc33c.js]
[namor-ia.com/wp-content/plugins/elementor-pro/assets/js/frontend.min3fd0.js]
[namor-ia.com/index.html]
[namor-ia.com/wp-content/themes/hello-elementor/assets/css/resetedb1.css]
[namor-ia.com/wp-content/themes/hello-elementor/assets/css/themeedb1.css]
[namor-ia.com/wp-content/themes/hello-elementor/assets/css/header-footeredb1.css]
[namor-ia.com/wp-content/plugins/elementor/assets/css/frontend.min55cb.css]
[namor-ia.com/wp-content/uploads/elementor/css/post-768fe.css]
[namor-ia.com/wp-content/plugins/elementor-pro/assets/js/preloaded-elements-handlers.min3fd0.js]
[namor-ia.com/wp-content/plugins/elementor/assets/lib/eicons/fonts/eicons4518.eot]
[namor-ia.com/wp-content/plugins/elementor/assets/lib/eicons/fonts/eicons4518.woff2]
[namor-ia.com/wp-content/plugins/elementor/assets/lib/eicons/fonts/eicons4518.woff]
[namor-ia.com/wp-content/plugins/elementor/assets/lib/eicons/fonts/eicons4518.ttf]
[namor-ia.com/wp-content/plugins/elementor/assets/lib/eicons/css/elementor-icons.min2778.css]
[namor-ia.com/wp-content/plugins/elementor-pro/assets/css/frontend.min3fd0.css]
[namor-ia.com/wp-content/plugins/elementor/assets/css/widget-image.min55cb.css]
[namor-ia.com/wp-content/plugins/elementor/assets/css/widget-heading.min55cb.css]
[namor-ia.com/wp-content/uploads/elementor/css/post-1454e7c.css]
[namor-ia.com/wp-content/plugins/elementor/assets/lib/eicons/fonts/eicons4518.svg]
[namor-ia.com/wp-content/uploads/elementor/google-fonts/fonts/roboto-kfo5cnqeu92fr1mu53zec9_vu3r1gihoszmkc3kawzu.woff2]
[namor-ia.com/wp-content/uploads/elementor/google-fonts/fonts/roboto-kfo5cnqeu92fr1mu53zec9_vu3r1gihoszmkankawzu.woff2]
[namor-ia.com/wp-content/uploads/elementor/google-fonts/fonts/roboto-kfo5cnqeu92fr1mu53zec9_vu3r1gihoszmkcnkawzu.woff2]
[namor-ia.com/wp-content/uploads/elementor/google-fonts/fonts/roboto-kfo5cnqeu92fr1mu53zec9_vu3r1gihoszmkbxkawzu.woff2]
[namor-ia.com/wp-content/uploads/elementor/google-fonts/fonts/roboto-kfo5cnqeu92fr1mu53zec9_vu3r1gihoszmkenkawzu.woff2]
[namor-ia.com/wp-content/uploads/elementor/google-fonts/fonts/roboto-kfo5cnqeu92fr1mu53zec9_vu3r1gihoszmkahkawzu.woff2]
[namor-ia.com/wp-content/uploads/elementor/google-fonts/fonts/roboto-kfo5cnqeu92fr1mu53zec9_vu3r1gihoszmkcxkawzu.woff2]
[namor-ia.com/wp-content/uploads/elementor/google-fonts/fonts/roboto-kfo5cnqeu92fr1mu53zec9_vu3r1gihoszmkchkawzu.woff2]
[namor-ia.com/wp-content/uploads/elementor/google-fonts/fonts/roboto-kfo5cnqeu92fr1mu53zec9_vu3r1gihoszmkbnka.woff2]
[namor-ia.com/wp-content/uploads/elementor/google-fonts/fonts/roboto-kfo7cnqeu92fr1me7ksn66agldtyluama3gubgee.woff2]
[namor-ia.com/wp-content/uploads/elementor/google-fonts/fonts/roboto-kfo7cnqeu92fr1me7ksn66agldtyluama3iubgee.woff2]
[namor-ia.com/wp-content/uploads/elementor/google-fonts/fonts/roboto-kfo7cnqeu92fr1me7ksn66agldtyluama3cubgee.woff2]
[namor-ia.com/wp-content/uploads/elementor/google-fonts/fonts/roboto-kfo7cnqeu92fr1me7ksn66agldtyluama3-ubgee.woff2]
[namor-ia.com/wp-content/uploads/elementor/google-fonts/fonts/roboto-kfo7cnqeu92fr1me7ksn66agldtyluamawcubgee.woff2]
[namor-ia.com/wp-content/uploads/elementor/google-fonts/fonts/roboto-kfo7cnqeu92fr1me7ksn66agldtyluamaxkubgee.woff2]
[namor-ia.com/wp-content/uploads/elementor/google-fonts/fonts/roboto-kfo7cnqeu92fr1me7ksn66agldtyluama3oubgee.woff2]
[namor-ia.com/wp-content/uploads/elementor/google-fonts/fonts/roboto-kfo7cnqeu92fr1me7ksn66agldtyluama3kubgee.woff2]
[namor-ia.com/wp-content/uploads/elementor/google-fonts/fonts/roboto-kfo7cnqeu92fr1me7ksn66agldtyluama3yuba.woff2]
[namor-ia.com/wp-content/uploads/elementor/google-fonts/css/roboto7f5f.css]
[namor-ia.com/wp-content/uploads/elementor/google-fonts/fonts/robotoslab-bngmuxzytxpivibgjjsb6ufa5qw54a.woff2]
[namor-ia.com/wp-content/uploads/elementor/google-fonts/fonts/robotoslab-bngmuxzytxpivibgjjsb6ufj5qw54a.woff2]
[namor-ia.com/wp-content/uploads/elementor/google-fonts/fonts/robotoslab-bngmuxzytxpivibgjjsb6ufb5qw54a.woff2]
[namor-ia.com/wp-content/uploads/elementor/google-fonts/fonts/robotoslab-bngmuxzytxpivibgjjsb6ufo5qw54a.woff2]
[namor-ia.com/wp-content/uploads/elementor/google-fonts/fonts/robotoslab-bngmuxzytxpivibgjjsb6ufc5qw54a.woff2]
[namor-ia.com/wp-content/uploads/elementor/google-fonts/fonts/robotoslab-bngmuxzytxpivibgjjsb6ufd5qw54a.woff2]
[namor-ia.com/wp-content/uploads/elementor/google-fonts/fonts/robotoslab-bngmuxzytxpivibgjjsb6ufn5qu.woff2]
[namor-ia.com/wp-content/uploads/elementor/google-fonts/css/robotoslabdc90.css]
[namor-ia.com/wp-includes/js/jquery/jquery.minf43b.js]
[namor-ia.com/wp-includes/js/jquery/jquery-migrate.min5589.js]
[namor-ia.com/wp-content/themes/hello-elementor/assets/js/hello-frontendedb1.js]
[namor-ia.com/wp-content/plugins/elementor/assets/js/webpack.runtime.min55cb.js]
[namor-ia.com/wp-content/plugins/elementor/assets/js/frontend-modules.min55cb.js]
[namor-ia.com/wp-includes/js/jquery/ui/core.minb37e.js]
[namor-ia.com/wp-content/plugins/elementor/assets/js/frontend.min55cb.js]
[namor-ia.com/wp-content/plugins/elementor-pro/assets/js/webpack-pro.runtime.min3fd0.js]
[namor-ia.com/wp-includes/js/dist/hooks.min4fdd.js]
[namor-ia.com/wp-includes/js/dist/i18n.minc33c.js]
[namor-ia.com/wp-content/plugins/elementor-pro/assets/js/frontend.min3fd0.js]
[namor-ia.com/OPR/index.html]
[namor-ia.com/document.location]
[namor-ia.com/wp-content/plugins/elementor-pro/assets/js/preloaded-elements-handlers.min3fd0.js]
[namor-ia.com/wp-content/plugins/elementor/assets/lib/eicons/fonts/eicons4518.svg]
[namor-ia.com/OPR/index.html]
[namor-ia.com/document.html]
